[2026-08-02 11:00:05 Asia/Manila] SENT ID 1 to jaymee.delarosa26@gmail.com; marked 2026-08-02 11:00:05
[2026-08-02 11:00:05 Asia/Manila] SENT ID 2 to jkpasiwen2627@gmail.com; marked 2026-08-02 11:00:05
[2026-08-02 11:00:05 Asia/Manila] FAILED ID 3 to rachelinv8@yahoo.con: SMTP Error: The following recipients failed: rachelinv8@yahoo.con: The mail server could not deliver mail to rachelinv8@yahoo.con.  The
account or domain may not exist, they may be blacklisted, or missing the
proper dns entries.

[2026-08-02 11:00:05 Asia/Manila] SENT ID 4 to jnctech88@gmail.com; marked 2026-08-02 11:00:05
[2026-08-02 11:00:05 Asia/Manila] SENT ID 5 to jhun.paculan@bffhai.com; marked 2026-08-02 11:00:05
[2026-08-02 11:00:05 Asia/Manila] SENT ID 6 to thegrandewcorp@gmail.com; marked 2026-08-02 11:00:05
[2026-08-02 11:00:05 Asia/Manila] SENT ID 7 to gpcgarcia@icloud.com; marked 2026-08-02 11:00:05
[2026-08-02 11:00:06 Asia/Manila] SENT ID 9 to rheacaravanareyes@gmail.com; marked 2026-08-02 11:00:06
[2026-08-02 11:00:06 Asia/Manila] SENT ID 10 to rea_reyes7141@yahoo.com; marked 2026-08-02 11:00:06
[2026-08-02 11:00:06 Asia/Manila] SENT ID 11 to aldenpolix@gmail.com; marked 2026-08-02 11:00:06
[2026-08-02 11:00:06 Asia/Manila] SENT ID 12 to christopher_macabuhay2014@yahoo.com; marked 2026-08-02 11:00:06
[2026-08-02 11:00:06 Asia/Manila] SENT ID 13 to mediacircle2015@gmail.com; marked 2026-08-02 11:00:06
[2026-08-02 11:00:06 Asia/Manila] FAILED ID 14 to mediacircle2015@gmail.con: SMTP Error: The following recipients failed: mediacircle2015@gmail.con: The mail server could not deliver mail to mediacircle2015@gmail.con.  The
account or domain may not exist, they may be blacklisted, or missing the
proper dns entries.

[2026-08-02 11:00:06 Asia/Manila] SENT ID 15 to jeandacula2019@gmail.com; marked 2026-08-02 11:00:06
[2026-08-02 11:00:06 Asia/Manila] SENT ID 16 to rex.ocampo@ro-architectonics.com; marked 2026-08-02 11:00:06
[2026-08-02 11:00:07 Asia/Manila] SENT ID 17 to mannito_hernandez@yahoo.com; marked 2026-08-02 11:00:07
