MODE: LIVE SEND
ELIGIBLE: 16
ID 1 | Jaymee S Dela Rosa | jaymee.delarosa26@gmail.com | Guests: 1
SENT ID 1 to jaymee.delarosa26@gmail.com; marked 2026-08-02 11:00:05
ID 2 | Jennilyn Pasiwen | jkpasiwen2627@gmail.com | Guests: 2
SENT ID 2 to jkpasiwen2627@gmail.com; marked 2026-08-02 11:00:05
ID 3 | Rachel Testa | rachelinv8@yahoo.con | Guests: 4
FAILED ID 3 to rachelinv8@yahoo.con: SMTP Error: The following recipients failed: rachelinv8@yahoo.con: The mail server could not deliver mail to rachelinv8@yahoo.con.  The
account or domain may not exist, they may be blacklisted, or missing the
proper dns entries.

ID 4 | Atty Arcal Astorga | jnctech88@gmail.com | Guests: 1
SENT ID 4 to jnctech88@gmail.com; marked 2026-08-02 11:00:05
ID 5 | Engr Jhun Paculan | jhun.paculan@bffhai.com | Guests: 1
SENT ID 5 to jhun.paculan@bffhai.com; marked 2026-08-02 11:00:05
ID 6 | GEN ABUYEN | thegrandewcorp@gmail.com | Guests: 2
SENT ID 6 to thegrandewcorp@gmail.com; marked 2026-08-02 11:00:05
ID 7 | Gilbert C Garcia | gpcgarcia@icloud.com | Guests: 1
SENT ID 7 to gpcgarcia@icloud.com; marked 2026-08-02 11:00:05
ID 9 | Eunice Magsila | rheacaravanareyes@gmail.com | Guests: 2
SENT ID 9 to rheacaravanareyes@gmail.com; marked 2026-08-02 11:00:06
ID 10 | Rhea Reyes | rea_reyes7141@yahoo.com | Guests: 1
SENT ID 10 to rea_reyes7141@yahoo.com; marked 2026-08-02 11:00:06
ID 11 | Alden Policarpio | aldenpolix@gmail.com | Guests: 2
SENT ID 11 to aldenpolix@gmail.com; marked 2026-08-02 11:00:06
ID 12 | Dr. Christopher E. Macabuhay | christopher_macabuhay2014@yahoo.com | Guests: 1
SENT ID 12 to christopher_macabuhay2014@yahoo.com; marked 2026-08-02 11:00:06
ID 13 | Jun Marcos Tadios | mediacircle2015@gmail.com | Guests: 4
SENT ID 13 to mediacircle2015@gmail.com; marked 2026-08-02 11:00:06
ID 14 | Bernalyn Amado | mediacircle2015@gmail.con | Guests: 1
FAILED ID 14 to mediacircle2015@gmail.con: SMTP Error: The following recipients failed: mediacircle2015@gmail.con: The mail server could not deliver mail to mediacircle2015@gmail.con.  The
account or domain may not exist, they may be blacklisted, or missing the
proper dns entries.

ID 15 | Princess Jean R Dacula | jeandacula2019@gmail.com | Guests: 20
SENT ID 15 to jeandacula2019@gmail.com; marked 2026-08-02 11:00:06
ID 16 | Rex Ocampo | rex.ocampo@ro-architectonics.com | Guests: 1
SENT ID 16 to rex.ocampo@ro-architectonics.com; marked 2026-08-02 11:00:06
ID 17 | Atty. Mannito Hernandez | mannito_hernandez@yahoo.com | Guests: 2
SENT ID 17 to mannito_hernandez@yahoo.com; marked 2026-08-02 11:00:07
LIVE_SEND_COMPLETE
SENT: 14
FAILED/SKIPPED: 2
